QuestaSim-64 qverilog 2021.2_1 Compiler 2021.05 May 15 2021
Start time: 13:12:27 on Aug 21,2026
qverilog -sv ../src/clone_new.sv "+define+UVM_NO_DEPRECATED" "+incdir+../src" -l g2u_qsta_copy.log 
** Note: (qverilog-2286) ../src/clone_new.sv(1): Using implicit +incdir+/home/ajay/Questasim/questasim/uvm-1.1d/../verilog_src/uvm-1.1d/src from import uvm_pkg
-- Compiling package clone_new_sv_unit
-- Importing package mtiUvm.uvm_pkg (uvm-1.1d Built-in)
-- Compiling module top

Top level modules:
	top
# vsim -lib work work.clone_new_sv_unit work.top -c -do "run -all; quit -f" -appendlog -l g2u_qsta_copy.log -vopt 
# ** Note: (vsim-8009) Loading existing optimized design _opt
# //  Questa Sim-64
# //  Version 2021.2_1 linux_x86_64 May 15 2021
# //
# //  Copyright 1991-2021 Mentor Graphics Corporation
# //  All Rights Reserved.
# //
# //  QuestaSim and its associated documentation contain trade
# //  secrets and commercial or financial information that are the property of
# //  Mentor Graphics Corporation and are privileged, confidential,
# //  and exempt from disclosure under the Freedom of Information Act,
# //  5 U.S.C. Section 552. Furthermore, this information
# //  is prohibited from disclosure under the Trade Secrets Act,
# //  18 U.S.C. Section 1905.
# //
# Loading sv_std.std
# Loading mtiUvm.uvm_pkg(fast)
# Loading mtiUvm.questa_uvm_pkg(fast)
# Loading work.clone_new_sv_unit(fast)
# Loading work.top(fast)
# Loading /home/ajay/Questasim/questasim/uvm-1.1d/linux_x86_64/uvm_dpi.so
# run -all
# ----------------------------------------------------------------
# UVM-1.1d
# (C) 2007-2013 Mentor Graphics Corporation
# (C) 2007-2013 Cadence Design Systems, Inc.
# (C) 2006-2013 Synopsys, Inc.
# (C) 2011-2013 Cypress Semiconductor Corp.
# ----------------------------------------------------------------
# 
#   ***********       IMPORTANT RELEASE NOTES         ************
# 
#   You are using a version of the UVM library that has been compiled
#   with `UVM_NO_DEPRECATED undefined.
#   See http://www.eda.org/svdb/view.php?id=3313 for more details.
# 
#   You are using a version of the UVM library that has been compiled
#   with `UVM_OBJECT_MUST_HAVE_CONSTRUCTOR undefined.
#   See http://www.eda.org/svdb/view.php?id=3770 for more details.
# 
#       (Specify +UVM_NO_RELNOTES to turn off this notice)
# 
# UVM_INFO verilog_src/questa_uvm_pkg-1.2/src/questa_uvm_pkg.sv(277) @ 0: reporter [Questa UVM] QUESTA_UVM-1.2.3
# UVM_INFO verilog_src/questa_uvm_pkg-1.2/src/questa_uvm_pkg.sv(278) @ 0: reporter [Questa UVM]  questa_uvm::init(+struct)
# ---------------------------------------------
# Name          Type          Size  Value      
# ---------------------------------------------
# child_inst1   class_A       -     @466       
#   cl_int      integral      32    'hb        
#   cl_string   string        11    child_inst1
#   cl_int_arr  da(integral)  11    -          
#     [0]       integral      32    'h1        
#     [1]       integral      32    'h2        
#     [2]       integral      32    'h3        
#     [3]       integral      32    'h4        
#     [4]       integral      32    'h5        
#     ...       ...           ...   ...        
#     [6]       integral      32    'h7        
#     [7]       integral      32    'h8        
#     [8]       integral      32    'h9        
#     [9]       integral      32    'ha        
#     [10]      integral      32    'hb        
# ---------------------------------------------
# ---------------------------------------------
# Name          Type          Size  Value      
# ---------------------------------------------
# child_inst1   class_A       -     @467       
#   cl_int      integral      32    'hb        
#   cl_string   string        11    child_inst1
#   cl_int_arr  da(integral)  11    -          
#     [0]       integral      32    'h1        
#     [1]       integral      32    'h2        
#     [2]       integral      32    'h3        
#     [3]       integral      32    'h4        
#     [4]       integral      32    'h5        
#     ...       ...           ...   ...        
#     [6]       integral      32    'h7        
#     [7]       integral      32    'h8        
#     [8]       integral      32    'h9        
#     [9]       integral      32    'ha        
#     [10]      integral      32    'hb        
# ---------------------------------------------
#  quit -f
# End time: 13:12:34 on Aug 21,2026, Elapsed time: 0:00:07
# Errors: 0, Warnings: 0
