QuestaSim-64 qverilog 2021.2_1 Compiler 2021.05 May 15 2021
Start time: 13:12:34 on Aug 21,2026
qverilog -sv ../src/compare2.sv "+define+UVM_NO_DEPRECATED" "+incdir+../src" -l g2u_qsta_print.log 
** Note: (qverilog-2286) ../src/compare2.sv(1): Using implicit +incdir+/home/ajay/Questasim/questasim/uvm-1.1d/../verilog_src/uvm-1.1d/src from import uvm_pkg
-- Compiling package compare2_sv_unit
-- Importing package mtiUvm.uvm_pkg (uvm-1.1d Built-in)
-- Compiling module top
** Warning: ../src/compare2.sv(144): (qverilog-2240) Treating stand-alone use of function 'randomize' as an implicit VOID cast.
** Warning: ../src/compare2.sv(146): (qverilog-2240) Treating stand-alone use of function 'randomize' as an implicit VOID cast.
** Warning: ../src/compare2.sv(149): (qverilog-2240) Treating stand-alone use of function 'compare' as an implicit VOID cast.
** Warning: ../src/compare2.sv(156): (qverilog-2240) Treating stand-alone use of function 'compare' as an implicit VOID cast.

Top level modules:
	top
# vsim -lib work work.compare2_sv_unit work.top -c -do "run -all; quit -f" -appendlog -l g2u_qsta_print.log -vopt 
# ** Note: (vsim-8009) Loading existing optimized design _opt1
# //  Questa Sim-64
# //  Version 2021.2_1 linux_x86_64 May 15 2021
# //
# //  Copyright 1991-2021 Mentor Graphics Corporation
# //  All Rights Reserved.
# //
# //  QuestaSim and its associated documentation contain trade
# //  secrets and commercial or financial information that are the property of
# //  Mentor Graphics Corporation and are privileged, confidential,
# //  and exempt from disclosure under the Freedom of Information Act,
# //  5 U.S.C. Section 552. Furthermore, this information
# //  is prohibited from disclosure under the Trade Secrets Act,
# //  18 U.S.C. Section 1905.
# //
# Loading sv_std.std
# Loading mtiUvm.uvm_pkg(fast)
# Loading mtiUvm.questa_uvm_pkg(fast)
# Loading work.compare2_sv_unit(fast)
# Loading work.top(fast)
# Loading /home/ajay/Questasim/questasim/uvm-1.1d/linux_x86_64/uvm_dpi.so
# run -all
# ----------------------------------------------------------------
# UVM-1.1d
# (C) 2007-2013 Mentor Graphics Corporation
# (C) 2007-2013 Cadence Design Systems, Inc.
# (C) 2006-2013 Synopsys, Inc.
# (C) 2011-2013 Cypress Semiconductor Corp.
# ----------------------------------------------------------------
# 
#   ***********       IMPORTANT RELEASE NOTES         ************
# 
#   You are using a version of the UVM library that has been compiled
#   with `UVM_NO_DEPRECATED undefined.
#   See http://www.eda.org/svdb/view.php?id=3313 for more details.
# 
#   You are using a version of the UVM library that has been compiled
#   with `UVM_OBJECT_MUST_HAVE_CONSTRUCTOR undefined.
#   See http://www.eda.org/svdb/view.php?id=3770 for more details.
# 
#       (Specify +UVM_NO_RELNOTES to turn off this notice)
# 
# UVM_INFO verilog_src/questa_uvm_pkg-1.2/src/questa_uvm_pkg.sv(277) @ 0: reporter [Questa UVM] QUESTA_UVM-1.2.3
# UVM_INFO verilog_src/questa_uvm_pkg-1.2/src/questa_uvm_pkg.sv(278) @ 0: reporter [Questa UVM]  questa_uvm::init(+struct)
# UVM_INFO ../src/compare2.sv(148) @ 0: reporter [Compare 1] comparison of identical classes
# UVM_INFO ../src/compare2.sv(155) @ 0: reporter [Compare 2] comparison of nonidentical classes
# UVM_INFO @ 0: reporter [MISCMP] Miscompare for A_inst1.logic_data[16]: lhs = 'h2 : rhs = 'h10
# UVM_INFO @ 0: reporter [MISCMP] 3 Miscompare(s) (1 shown) for object A_inst2@467 vs. A_inst1@466
#  quit -f
# End time: 13:12:41 on Aug 21,2026, Elapsed time: 0:00:07
# Errors: 0, Warnings: 4
